postmap: fatal: fail:aliases: query error: Unknown error: 0
postmap: fatal: fail:aliases: query error: Unknown error: 0
postmap: fatal: fail:aliases: delete error: Unknown error: 0
postmap: fatal: fail:aliases: delete error: Unknown error: 0
postmap: fatal: fail:aliases: sequence error: Unknown error: 0
postmap: fatal: fail:aliases: write error: Unknown error: 0
postmap: fatal: fail:aliases: write error: Unknown error: 0
