MAIN	mime-version: 1.0
mime_state: header_token: text / plain
MAIN	content-type: text/plain
mime_state: header_token: 8bit  
MAIN	Content-Transfer-Encoding: quoted-printable
HEADER END
BODY N	
BODY N	=20
BODY N	x=20
BODY N	xx=20
BODY N	xxx=20
BODY N	xxxx=20
BODY N	xxxxx=20
BODY N	xxxxxx=20
BODY N	xxxxxxx=20
BODY N	xxxxxxxx=20
BODY N	xxxxxxxxx=20
BODY N	xxxxxxxxxx=20
BODY N	xxxxxxxxxxx=20
BODY N	xxxxxxxxxxxx=20
BODY N	xxxxxxxxxxxxx=20
BODY N	xxxxxxxxxxxxxx=20
BODY N	xxxxxxxxxxxxxxx=20
BODY N	xxxxxxxxxxxxxxxx=20
BODY N	xxxxxxxxxxxxxxxxx=20
BODY N	xxxxxxxxxxxxxxxxxx=20
BODY N	xxxxxxxxxxxxxxxxxxx=20
BODY N	xxxxxxxxxxxxxxxxxxxx=20
BODY N	xxxxxxxxxxxxxxxxxxxxx=20
BODY N	xxxxxxxxxxxxxxxxxxxxxx=20
BODY N	xxxxxxxxxxxxxxxxxxxxxxx=20
BODY N	xxxxxxxxxxxxxxxxxxxxxxxx=20
BODY N	xxxxxxxxxxxxxxxxxxxxxxxxx=20
BODY N	xxxxxxxxxxxxxxxxxxxxxxxxxx=20
BODY N	xxxxxxxxxxxxxxxxxxxxxxxxxxx=20
BODY N	xxxxxxxxxxxxxxxxxxxxxxxxxxxx=20
BODY N	xxxxxxxxxxxxxxxxxxxxxxxxxxxxx=20
BODY N	xxxxxxxxxxxxxxxxxxxxxxxxxxxxxx=20
BODY N	xxxxxxxxxxxxxxxxxxxxxxxxxxxxxxx=20
BODY N	xxxxxxxxxxxxxxxxxxxxxxxxxxxxxxxx=20
BODY N	xxxxxxxxxxxxxxxxxxxxxxxxxxxxxxxxx=20
BODY N	xxxxxxxxxxxxxxxxxxxxxxxxxxxxxxxxxx=20
BODY N	xxxxxxxxxxxxxxxxxxxxxxxxxxxxxxxxxxx=20
BODY N	xxxxxxxxxxxxxxxxxxxxxxxxxxxxxxxxxxxx=20
BODY N	xxxxxxxxxxxxxxxxxxxxxxxxxxxxxxxxxxxxx=20
BODY N	xxxxxxxxxxxxxxxxxxxxxxxxxxxxxxxxxxxxxx=20
BODY N	xxxxxxxxxxxxxxxxxxxxxxxxxxxxxxxxxxxxxxx=20
BODY N	xxxxxxxxxxxxxxxxxxxxxxxxxxxxxxxxxxxxxxxx=20
BODY N	xxxxxxxxxxxxxxxxxxxxxxxxxxxxxxxxxxxxxxxxx=20
BODY N	xxxxxxxxxxxxxxxxxxxxxxxxxxxxxxxxxxxxxxxxxx=20
BODY N	xxxxxxxxxxxxxxxxxxxxxxxxxxxxxxxxxxxxxxxxxxx=20
BODY N	xxxxxxxxxxxxxxxxxxxxxxxxxxxxxxxxxxxxxxxxxxxx=20
BODY N	xxxxxxxxxxxxxxxxxxxxxxxxxxxxxxxxxxxxxxxxxxxxx=20
BODY N	xxxxxxxxxxxxxxxxxxxxxxxxxxxxxxxxxxxxxxxxxxxxxx=20
BODY N	xxxxxxxxxxxxxxxxxxxxxxxxxxxxxxxxxxxxxxxxxxxxxxx=20
BODY N	xxxxxxxxxxxxxxxxxxxxxxxxxxxxxxxxxxxxxxxxxxxxxxxx=20
BODY N	xxxxxxxxxxxxxxxxxxxxxxxxxxxxxxxxxxxxxxxxxxxxxxxxx=20
BODY N	xxxxxxxxxxxxxxxxxxxxxxxxxxxxxxxxxxxxxxxxxxxxxxxxxx=20
BODY N	xxxxxxxxxxxxxxxxxxxxxxxxxxxxxxxxxxxxxxxxxxxxxxxxxxx=20
BODY N	xxxxxxxxxxxxxxxxxxxxxxxxxxxxxxxxxxxxxxxxxxxxxxxxxxxx=20
BODY N	xxxxxxxxxxxxxxxxxxxxxxxxxxxxxxxxxxxxxxxxxxxxxxxxxxxxx=20
BODY N	xxxxxxxxxxxxxxxxxxxxxxxxxxxxxxxxxxxxxxxxxxxxxxxxxxxxxx=20
BODY N	xxxxxxxxxxxxxxxxxxxxxxxxxxxxxxxxxxxxxxxxxxxxxxxxxxxxxxx=20
BODY N	xxxxxxxxxxxxxxxxxxxxxxxxxxxxxxxxxxxxxxxxxxxxxxxxxxxxxxxx=20
BODY N	xxxxxxxxxxxxxxxxxxxxxxxxxxxxxxxxxxxxxxxxxxxxxxxxxxxxxxxxx=20
BODY N	xxxxxxxxxxxxxxxxxxxxxxxxxxxxxxxxxxxxxxxxxxxxxxxxxxxxxxxxxx=20
BODY N	xxxxxxxxxxxxxxxxxxxxxxxxxxxxxxxxxxxxxxxxxxxxxxxxxxxxxxxxxxx=20
BODY N	xxxxxxxxxxxxxxxxxxxxxxxxxxxxxxxxxxxxxxxxxxxxxxxxxxxxxxxxxxxx=20
BODY N	xxxxxxxxxxxxxxxxxxxxxxxxxxxxxxxxxxxxxxxxxxxxxxxxxxxxxxxxxxxxx=20
BODY N	xxxxxxxxxxxxxxxxxxxxxxxxxxxxxxxxxxxxxxxxxxxxxxxxxxxxxxxxxxxxxx=20
BODY N	xxxxxxxxxxxxxxxxxxxxxxxxxxxxxxxxxxxxxxxxxxxxxxxxxxxxxxxxxxxxxxx=20
BODY N	xxxxxxxxxxxxxxxxxxxxxxxxxxxxxxxxxxxxxxxxxxxxxxxxxxxxxxxxxxxxxxxx=20
BODY N	xxxxxxxxxxxxxxxxxxxxxxxxxxxxxxxxxxxxxxxxxxxxxxxxxxxxxxxxxxxxxxxxx=20
BODY N	xxxxxxxxxxxxxxxxxxxxxxxxxxxxxxxxxxxxxxxxxxxxxxxxxxxxxxxxxxxxxxxxxx=20
BODY N	xxxxxxxxxxxxxxxxxxxxxxxxxxxxxxxxxxxxxxxxxxxxxxxxxxxxxxxxxxxxxxxxxxx=20
BODY N	xxxxxxxxxxxxxxxxxxxxxxxxxxxxxxxxxxxxxxxxxxxxxxxxxxxxxxxxxxxxxxxxxxxx=20
BODY N	xxxxxxxxxxxxxxxxxxxxxxxxxxxxxxxxxxxxxxxxxxxxxxxxxxxxxxxxxxxxxxxxxxxxx=20
BODY N	xxxxxxxxxxxxxxxxxxxxxxxxxxxxxxxxxxxxxxxxxxxxxxxxxxxxxxxxxxxxxxxxxxxxxx=20
BODY N	xxxxxxxxxxxxxxxxxxxxxxxxxxxxxxxxxxxxxxxxxxxxxxxxxxxxxxxxxxxxxxxxxxxxxxx=20
BODY N	xxxxxxxxxxxxxxxxxxxxxxxxxxxxxxxxxxxxxxxxxxxxxxxxxxxxxxxxxxxxxxxxxxxxxxxx=20
BODY N	xxxxxxxxxxxxxxxxxxxxxxxxxxxxxxxxxxxxxxxxxxxxxxxxxxxxxxxxxxxxxxxxxxxxxxxxx=
BODY N	=20
BODY N	xxxxxxxxxxxxxxxxxxxxxxxxxxxxxxxxxxxxxxxxxxxxxxxxxxxxxxxxxxxxxxxxxxxxxxxxx=
BODY N	x=20
BODY N	xxxxxxxxxxxxxxxxxxxxxxxxxxxxxxxxxxxxxxxxxxxxxxxxxxxxxxxxxxxxxxxxxxxxxxxxx=
BODY N	xx=20
BODY N	xxxxxxxxxxxxxxxxxxxxxxxxxxxxxxxxxxxxxxxxxxxxxxxxxxxxxxxxxxxxxxxxxxxxxxxxx=
BODY N	xxx=20
BODY N	xxxxxxxxxxxxxxxxxxxxxxxxxxxxxxxxxxxxxxxxxxxxxxxxxxxxxxxxxxxxxxxxxxxxxxxxx=
BODY N	xxxx=20
BODY N	xxxxxxxxxxxxxxxxxxxxxxxxxxxxxxxxxxxxxxxxxxxxxxxxxxxxxxxxxxxxxxxxxxxxxxxxx=
BODY N	xxxxx=20
BODY END
