./test_dns_lookup: lookup porcupine.org type MX flags 2097152
./test_dns_lookup: dns_query: porcupine.org (MX): OK
./test_dns_lookup: dns_get_answer: type MX for porcupine.org
./test_dns_lookup: dns_get_answer: type MX for porcupine.org
./test_dns_lookup: dns_get_answer: type MX for porcupine.org
./test_dns_lookup: lookup porcupine.org type A flags 2097152
./test_dns_lookup: dns_query: porcupine.org (A): Host found but no data record of requested type
porcupine.org: ad: 0, ttl:      3600 pref: 10 MX: spike.porcupine.org
porcupine.org: ad: 0, ttl:      3600 pref: 20 MX: fist.porcupine.org
porcupine.org: ad: 0, ttl:      3600 pref: 30 MX: m1.porcupine.org
porcupine.org: fqdn: porcupine.org
