postalias: fatal: fail:aliases: query error: Unknown error: 0
postalias: fatal: fail:aliases: query error: Unknown error: 0
postalias: fatal: fail:aliases: delete error: Unknown error: 0
postalias: fatal: fail:aliases: delete error: Unknown error: 0
postalias: fatal: fail:aliases: sequence error: Unknown error: 0
postalias: fatal: fail:aliases: write error: Unknown error: 0
postalias: fatal: fail:aliases: write error: Unknown error: 0
